Starting a Gradle Daemon, 1 incompatible and 3 stopped Daemons could not be reused, use --status for details
.\gradlew.bat : 
At line:1 char:1
+ .\gradlew.bat compileDebugKotlin 
--stacktrace 2>&1 | Out-File -FilePa 
...
+ ~~~~~~~~~~~~~~~~~~~~~~~~~~~~~~~~~~~~
~~~~~~~~~~~~~~
    + CategoryInfo          : NotSpec 
   ified: (:String) [], RemoteExcept  
  ion
    + FullyQualifiedErrorId : NativeC 
   ommandError
 
FAILURE: Build failed with an 
exception.

* Where:
Build file 'D:\Users\yashi\CyberSmith\
app\build.gradle.kts' line: 1

* What went wrong:
Error resolving plugin [id: 
'org.jetbrains.kotlin.android', 
version: '2.0.21']
> The request for this plugin could 
not be satisfied because the plugin 
is already on the classpath with an 
unknown version, so compatibility 
cannot be checked.

* Try:
> Run with --info or --debug option 
to get more log output.
> Run with --scan to generate a Build 
Scan (Powered by Develocity).
> Get more help at 
https://help.gradle.org.

* Exception is:
org.gradle.api.GradleException: Error 
resolving plugin [id: 
'org.jetbrains.kotlin.android', 
version: '2.0.21']
	at org.gradle.plugin.use.internal.Def
aultPluginRequestApplicator.resolvePlu
ginRequest(DefaultPluginRequestApplica
tor.java:193)
	at org.gradle.plugin.use.internal.Def
aultPluginRequestApplicator.applyPlugi
ns(DefaultPluginRequestApplicator.java
:101)
	at org.gradle.kotlin.dsl.provider.Plu
ginRequestsHandler.handle(PluginReques
tsHandler.kt:45)
	at org.gradle.kotlin.dsl.provider.Sta
ndardKotlinScriptEvaluator$Interpreter
Host.applyPluginsTo(KotlinScriptEvalua
tor.kt:242)
	at org.gradle.kotlin.dsl.execution.In
terpreter$ProgramHost.applyPluginsTo(I
nterpreter.kt:387)
	at Program.execute(Unknown Source)
	at org.gradle.kotlin.dsl.execution.In
terpreter$ProgramHost.eval(Interpreter
.kt:516)
	at org.gradle.kotlin.dsl.execution.In
terpreter.eval(Interpreter.kt:214)
	at org.gradle.kotlin.dsl.provider.Sta
ndardKotlinScriptEvaluator.evaluate(Ko
tlinScriptEvaluator.kt:133)
	at org.gradle.kotlin.dsl.provider.Kot
linScriptPluginFactory.create$lambda$0
(KotlinScriptPluginFactory.kt:61)
	at org.gradle.kotlin.dsl.provider.Kot
linScriptPlugin.apply(KotlinScriptPlug
in.kt:35)
	at org.gradle.configuration.BuildOper
ationScriptPlugin$1.run(BuildOperation
ScriptPlugin.java:68)
	at org.gradle.internal.operations.Def
aultBuildOperationRunner$1.execute(Def
aultBuildOperationRunner.java:29)
	at org.gradle.internal.operations.Def
aultBuildOperationRunner$1.execute(Def
aultBuildOperationRunner.java:26)
	at org.gradle.internal.operations.Def
aultBuildOperationRunner$2.execute(Def
aultBuildOperationRunner.java:66)
	at org.gradle.internal.operations.Def
aultBuildOperationRunner$2.execute(Def
aultBuildOperationRunner.java:59)
	at org.gradle.internal.operations.Def
aultBuildOperationRunner.execute(Defau
ltBuildOperationRunner.java:166)
	at org.gradle.internal.operations.Def
aultBuildOperationRunner.execute(Defau
ltBuildOperationRunner.java:59)
	at org.gradle.internal.operations.Def
aultBuildOperationRunner.run(DefaultBu
ildOperationRunner.java:47)
	at org.gradle.configuration.BuildOper
ationScriptPlugin.lambda$apply$0(Build
OperationScriptPlugin.java:65)
	at org.gradle.internal.code.DefaultUs
erCodeApplicationContext.apply(Default
UserCodeApplicationContext.java:44)
	at org.gradle.configuration.BuildOper
ationScriptPlugin.apply(BuildOperation
ScriptPlugin.java:65)
	at org.gradle.api.internal.project.De
faultProjectStateRegistry$ProjectState
Impl.lambda$applyToMutableState$1(Defa
ultProjectStateRegistry.java:442)
	at org.gradle.api.internal.project.De
faultProjectStateRegistry$ProjectState
Impl.fromMutableState(DefaultProjectSt
ateRegistry.java:460)
	at org.gradle.api.internal.project.De
faultProjectStateRegistry$ProjectState
Impl.applyToMutableState(DefaultProjec
tStateRegistry.java:441)
	at org.gradle.configuration.project.B
uildScriptProcessor.execute(BuildScrip
tProcessor.java:46)
	at org.gradle.configuration.project.B
uildScriptProcessor.execute(BuildScrip
tProcessor.java:27)
	at org.gradle.configuration.project.C
onfigureActionsProjectEvaluator.evalua
te(ConfigureActionsProjectEvaluator.ja
va:35)
	at org.gradle.configuration.project.L
ifecycleProjectEvaluator$EvaluateProje
ct.lambda$run$0(LifecycleProjectEvalua
tor.java:109)
	at org.gradle.api.internal.project.De
faultProjectStateRegistry$ProjectState
Impl.lambda$applyToMutableState$1(Defa
ultProjectStateRegistry.java:442)
	at org.gradle.api.internal.project.De
faultProjectStateRegistry$ProjectState
Impl.lambda$fromMutableState$2(Default
ProjectStateRegistry.java:465)
	at org.gradle.internal.work.DefaultWo
rkerLeaseService.withReplacedLocks(Def
aultWorkerLeaseService.java:359)
	at org.gradle.api.internal.project.De
faultProjectStateRegistry$ProjectState
Impl.fromMutableState(DefaultProjectSt
ateRegistry.java:465)
	at org.gradle.api.internal.project.De
faultProjectStateRegistry$ProjectState
Impl.applyToMutableState(DefaultProjec
tStateRegistry.java:441)
	at org.gradle.configuration.project.L
ifecycleProjectEvaluator$EvaluateProje
ct.run(LifecycleProjectEvaluator.java:
100)
	at org.gradle.internal.operations.Def
aultBuildOperationRunner$1.execute(Def
aultBuildOperationRunner.java:29)
	at org.gradle.internal.operations.Def
aultBuildOperationRunner$1.execute(Def
aultBuildOperationRunner.java:26)
	at org.gradle.internal.operations.Def
aultBuildOperationRunner$2.execute(Def
aultBuildOperationRunner.java:66)
	at org.gradle.internal.operations.Def
aultBuildOperationRunner$2.execute(Def
aultBuildOperationRunner.java:59)
	at org.gradle.internal.operations.Def
aultBuildOperationRunner.execute(Defau
ltBuildOperationRunner.java:166)
	at org.gradle.internal.operations.Def
aultBuildOperationRunner.execute(Defau
ltBuildOperationRunner.java:59)
	at org.gradle.internal.operations.Def
aultBuildOperationRunner.run(DefaultBu
ildOperationRunner.java:47)
	at org.gradle.configuration.project.L
ifecycleProjectEvaluator.evaluate(Life
cycleProjectEvaluator.java:72)
	at org.gradle.api.internal.project.De
faultProject.evaluateUnchecked(Default
Project.java:846)
	at org.gradle.api.internal.project.Pr
ojectLifecycleController.lambda$ensure
SelfConfigured$2(ProjectLifecycleContr
oller.java:88)
	at org.gradle.internal.model.StateTra
nsitionController.lambda$doTransition$
14(StateTransitionController.java:255)
	at org.gradle.internal.model.StateTra
nsitionController.doTransition(StateTr
ansitionController.java:266)
	at org.gradle.internal.model.StateTra
nsitionController.doTransition(StateTr
ansitionController.java:254)
	at org.gradle.internal.model.StateTra
nsitionController.lambda$maybeTransiti
onIfNotCurrentlyTransitioning$10(State
TransitionController.java:199)
	at org.gradle.internal.work.DefaultSy
nchronizer.withLock(DefaultSynchronize
r.java:35)
	at org.gradle.internal.model.StateTra
nsitionController.maybeTransitionIfNot
CurrentlyTransitioning(StateTransition
Controller.java:195)
	at org.gradle.api.internal.project.Pr
ojectLifecycleController.ensureSelfCon
figured(ProjectLifecycleController.jav
a:88)
	at org.gradle.api.internal.project.De
faultProjectStateRegistry$ProjectState
Impl.ensureConfigured(DefaultProjectSt
ateRegistry.java:407)
	at org.gradle.execution.TaskPathProje
ctEvaluator.configure(TaskPathProjectE
valuator.java:70)
	at org.gradle.execution.TaskPathProje
ctEvaluator.configureHierarchy(TaskPat
hProjectEvaluator.java:86)
	at org.gradle.configuration.DefaultPr
ojectsPreparer.prepareProjects(Default
ProjectsPreparer.java:50)
	at org.gradle.configuration.BuildTree
PreparingProjectsPreparer.prepareProje
cts(BuildTreePreparingProjectsPreparer
.java:65)
	at org.gradle.configuration.BuildOper
ationFiringProjectsPreparer$ConfigureB
uild.run(BuildOperationFiringProjectsP
reparer.java:52)
	at org.gradle.internal.operations.Def
aultBuildOperationRunner$1.execute(Def
aultBuildOperationRunner.java:29)
	at org.gradle.internal.operations.Def
aultBuildOperationRunner$1.execute(Def
aultBuildOperationRunner.java:26)
	at org.gradle.internal.operations.Def
aultBuildOperationRunner$2.execute(Def
aultBuildOperationRunner.java:66)
	at org.gradle.internal.operations.Def
aultBuildOperationRunner$2.execute(Def
aultBuildOperationRunner.java:59)
	at org.gradle.internal.operations.Def
aultBuildOperationRunner.execute(Defau
ltBuildOperationRunner.java:166)
	at org.gradle.internal.operations.Def
aultBuildOperationRunner.execute(Defau
ltBuildOperationRunner.java:59)
	at org.gradle.internal.operations.Def
aultBuildOperationRunner.run(DefaultBu
ildOperationRunner.java:47)
	at org.gradle.configuration.BuildOper
ationFiringProjectsPreparer.preparePro
jects(BuildOperationFiringProjectsPrep
arer.java:40)
	at org.gradle.initialization.VintageB
uildModelController.lambda$prepareProj
ects$2(VintageBuildModelController.jav
a:83)
	at org.gradle.internal.model.StateTra
nsitionController.lambda$doTransition$
14(StateTransitionController.java:255)
	at org.gradle.internal.model.StateTra
nsitionController.doTransition(StateTr
ansitionController.java:266)
	at org.gradle.internal.model.StateTra
nsitionController.doTransition(StateTr
ansitionController.java:254)
	at org.gradle.internal.model.StateTra
nsitionController.lambda$transitionIfN
otPreviously$11(StateTransitionControl
ler.java:213)
	at org.gradle.internal.work.DefaultSy
nchronizer.withLock(DefaultSynchronize
r.java:35)
	at org.gradle.internal.model.StateTra
nsitionController.transitionIfNotPrevi
ously(StateTransitionController.java:2
09)
	at org.gradle.initialization.VintageB
uildModelController.prepareProjects(Vi
ntageBuildModelController.java:83)
	at org.gradle.initialization.VintageB
uildModelController.prepareToScheduleT
asks(VintageBuildModelController.java:
70)
	at org.gradle.internal.build.DefaultB
uildLifecycleController.lambda$prepare
ToScheduleTasks$6(DefaultBuildLifecycl
eController.java:175)
	at org.gradle.internal.model.StateTra
nsitionController.lambda$doTransition$
14(StateTransitionController.java:255)
	at org.gradle.internal.model.StateTra
nsitionController.doTransition(StateTr
ansitionController.java:266)
	at org.gradle.internal.model.StateTra
nsitionController.doTransition(StateTr
ansitionController.java:254)
	at org.gradle.internal.model.StateTra
nsitionController.lambda$maybeTransiti
on$9(StateTransitionController.java:19
0)
	at org.gradle.internal.work.DefaultSy
nchronizer.withLock(DefaultSynchronize
r.java:35)
	at org.gradle.internal.model.StateTra
nsitionController.maybeTransition(Stat
eTransitionController.java:186)
	at org.gradle.internal.build.DefaultB
uildLifecycleController.prepareToSched
uleTasks(DefaultBuildLifecycleControll
er.java:173)
	at org.gradle.internal.buildtree.Defa
ultBuildTreeWorkPreparer.scheduleReque
stedTasks(DefaultBuildTreeWorkPreparer
.java:35)
	at org.gradle.internal.cc.impl.barrie
r.BarrierAwareBuildTreeWorkPreparer.sc
heduleRequestedTasks$lambda$0(BarrierA
wareBuildTreeWorkPreparer.kt:34)
	at org.gradle.internal.cc.impl.barrie
r.VintageConfigurationTimeActionRunner
.runConfigurationTimeAction(VintageCon
figurationTimeActionRunner.kt:48)
	at org.gradle.internal.cc.impl.barrie
r.BarrierAwareBuildTreeWorkPreparer.sc
heduleRequestedTasks(BarrierAwareBuild
TreeWorkPreparer.kt:33)
	at org.gradle.internal.cc.impl.Vintag
eBuildTreeWorkController$scheduleAndRu
nRequestedTasks$1.apply(VintageBuildTr
eeWorkController.kt:36)
	at org.gradle.internal.cc.impl.Vintag
eBuildTreeWorkController$scheduleAndRu
nRequestedTasks$1.apply(VintageBuildTr
eeWorkController.kt:35)
	at org.gradle.composite.internal.Defa
ultIncludedBuildTaskGraph.withNewWorkG
raph(DefaultIncludedBuildTaskGraph.jav
a:114)
	at org.gradle.internal.cc.impl.Vintag
eBuildTreeWorkController.scheduleAndRu
nRequestedTasks(VintageBuildTreeWorkCo
ntroller.kt:35)
	at org.gradle.internal.buildtree.Defa
ultBuildTreeLifecycleController.lambda
$scheduleAndRunTasks$1(DefaultBuildTre
eLifecycleController.java:77)
	at org.gradle.internal.buildtree.Defa
ultBuildTreeLifecycleController.lambda
$runBuild$4(DefaultBuildTreeLifecycleC
ontroller.java:120)
	at org.gradle.internal.model.StateTra
nsitionController.lambda$transition$6(
StateTransitionController.java:169)
	at org.gradle.internal.model.StateTra
nsitionController.doTransition(StateTr
ansitionController.java:266)
	at org.gradle.internal.model.StateTra
nsitionController.lambda$transition$7(
StateTransitionController.java:169)
	at org.gradle.internal.work.DefaultSy
nchronizer.withLock(DefaultSynchronize
r.java:45)
	at org.gradle.internal.model.StateTra
nsitionController.transition(StateTran
sitionController.java:169)
	at org.gradle.internal.buildtree.Defa
ultBuildTreeLifecycleController.runBui
ld(DefaultBuildTreeLifecycleController
.java:117)
	at org.gradle.internal.buildtree.Defa
ultBuildTreeLifecycleController.schedu
leAndRunTasks(DefaultBuildTreeLifecycl
eController.java:77)
	at org.gradle.internal.buildtree.Defa
ultBuildTreeLifecycleController.schedu
leAndRunTasks(DefaultBuildTreeLifecycl
eController.java:72)
	at org.gradle.tooling.internal.provid
er.ExecuteBuildActionRunner.run(Execut
eBuildActionRunner.java:31)
	at org.gradle.launcher.exec.ChainingB
uildActionRunner.run(ChainingBuildActi
onRunner.java:35)
	at org.gradle.internal.buildtree.Prob
lemReportingBuildActionRunner.run(Prob
lemReportingBuildActionRunner.java:54)
	at org.gradle.launcher.exec.BuildOutc
omeReportingBuildActionRunner.run(Buil
dOutcomeReportingBuildActionRunner.jav
a:83)
	at org.gradle.tooling.internal.provid
er.FileSystemWatchingBuildActionRunner
.run(FileSystemWatchingBuildActionRunn
er.java:135)
	at org.gradle.launcher.exec.BuildComp
letionNotifyingBuildActionRunner.run(B
uildCompletionNotifyingBuildActionRunn
er.java:54)
	at org.gradle.launcher.exec.RootBuild
LifecycleBuildActionExecutor.lambda$ex
ecute$0(RootBuildLifecycleBuildActionE
xecutor.java:56)
	at org.gradle.composite.internal.Defa
ultRootBuildState.run(DefaultRootBuild
State.java:131)
	at org.gradle.launcher.exec.RootBuild
LifecycleBuildActionExecutor.execute(R
ootBuildLifecycleBuildActionExecutor.j
ava:56)
	at org.gradle.internal.buildtree.Init
DeprecationLoggingActionExecutor.execu
te(InitDeprecationLoggingActionExecuto
r.java:62)
	at org.gradle.internal.buildtree.Init
Problems.execute(InitProblems.java:36)
	at org.gradle.internal.buildtree.Defa
ultBuildTreeContext.execute(DefaultBui
ldTreeContext.java:40)
	at org.gradle.launcher.exec.BuildTree
LifecycleBuildActionExecutor.lambda$ex
ecute$0(BuildTreeLifecycleBuildActionE
xecutor.java:71)
	at org.gradle.internal.buildtree.Buil
dTreeState.run(BuildTreeState.java:60)
	at org.gradle.launcher.exec.BuildTree
LifecycleBuildActionExecutor.execute(B
uildTreeLifecycleBuildActionExecutor.j
ava:71)
	at org.gradle.launcher.exec.RunAsBuil
dOperationBuildActionExecutor$2.call(R
unAsBuildOperationBuildActionExecutor.
java:65)
	at org.gradle.launcher.exec.RunAsBuil
dOperationBuildActionExecutor$2.call(R
unAsBuildOperationBuildActionExecutor.
java:61)
	at org.gradle.internal.operations.Def
aultBuildOperationRunner$CallableBuild
OperationWorker.execute(DefaultBuildOp
erationRunner.java:209)
	at org.gradle.internal.operations.Def
aultBuildOperationRunner$CallableBuild
OperationWorker.execute(DefaultBuildOp
erationRunner.java:204)
	at org.gradle.internal.operations.Def
aultBuildOperationRunner$2.execute(Def
aultBuildOperationRunner.java:66)
	at org.gradle.internal.operations.Def
aultBuildOperationRunner$2.execute(Def
aultBuildOperationRunner.java:59)
	at org.gradle.internal.operations.Def
aultBuildOperationRunner.execute(Defau
ltBuildOperationRunner.java:166)
	at org.gradle.internal.operations.Def
aultBuildOperationRunner.execute(Defau
ltBuildOperationRunner.java:59)
	at org.gradle.internal.operations.Def
aultBuildOperationRunner.call(DefaultB
uildOperationRunner.java:53)
	at org.gradle.launcher.exec.RunAsBuil
dOperationBuildActionExecutor.execute(
RunAsBuildOperationBuildActionExecutor
.java:61)
	at org.gradle.launcher.exec.RunAsWork
erThreadBuildActionExecutor.lambda$exe
cute$0(RunAsWorkerThreadBuildActionExe
cutor.java:36)
	at org.gradle.internal.work.DefaultWo
rkerLeaseService.withLocks(DefaultWork
erLeaseService.java:263)
	at org.gradle.internal.work.DefaultWo
rkerLeaseService.runAsWorkerThread(Def
aultWorkerLeaseService.java:127)
	at org.gradle.launcher.exec.RunAsWork
erThreadBuildActionExecutor.execute(Ru
nAsWorkerThreadBuildActionExecutor.jav
a:36)
	at org.gradle.tooling.internal.provid
er.continuous.ContinuousBuildActionExe
cutor.execute(ContinuousBuildActionExe
cutor.java:110)
	at org.gradle.tooling.internal.provid
er.SubscribableBuildActionExecutor.exe
cute(SubscribableBuildActionExecutor.j
ava:64)
	at org.gradle.internal.session.Defaul
tBuildSessionContext.execute(DefaultBu
ildSessionContext.java:46)
	at org.gradle.internal.buildprocess.e
xecution.BuildSessionLifecycleBuildAct
ionExecutor$ActionImpl.apply(BuildSess
ionLifecycleBuildActionExecutor.java:9
2)
	at org.gradle.internal.buildprocess.e
xecution.BuildSessionLifecycleBuildAct
ionExecutor$ActionImpl.apply(BuildSess
ionLifecycleBuildActionExecutor.java:8
0)
	at org.gradle.internal.session.BuildS
essionState.run(BuildSessionState.java
:73)
	at org.gradle.internal.buildprocess.e
xecution.BuildSessionLifecycleBuildAct
ionExecutor.execute(BuildSessionLifecy
cleBuildActionExecutor.java:62)
	at org.gradle.internal.buildprocess.e
xecution.BuildSessionLifecycleBuildAct
ionExecutor.execute(BuildSessionLifecy
cleBuildActionExecutor.java:41)
	at org.gradle.internal.buildprocess.e
xecution.StartParamsValidatingActionEx
ecutor.execute(StartParamsValidatingAc
tionExecutor.java:57)
	at org.gradle.internal.buildprocess.e
xecution.StartParamsValidatingActionEx
ecutor.execute(StartParamsValidatingAc
tionExecutor.java:32)
	at org.gradle.internal.buildprocess.e
xecution.SessionFailureReportingAction
Executor.execute(SessionFailureReporti
ngActionExecutor.java:51)
	at org.gradle.internal.buildprocess.e
xecution.SessionFailureReportingAction
Executor.execute(SessionFailureReporti
ngActionExecutor.java:39)
	at org.gradle.internal.buildprocess.e
xecution.SetupLoggingActionExecutor.ex
ecute(SetupLoggingActionExecutor.java:
47)
	at org.gradle.internal.buildprocess.e
xecution.SetupLoggingActionExecutor.ex
ecute(SetupLoggingActionExecutor.java:
31)
	at org.gradle.launcher.daemon.server.
exec.ExecuteBuild.doBuild(ExecuteBuild
.java:70)
	at org.gradle.launcher.daemon.server.
exec.BuildCommandOnly.execute(BuildCom
mandOnly.java:37)
	at org.gradle.launcher.daemon.server.
api.DaemonCommandExecution.proceed(Dae
monCommandExecution.java:104)
	at org.gradle.launcher.daemon.server.
exec.WatchForDisconnection.execute(Wat
chForDisconnection.java:39)
	at org.gradle.launcher.daemon.server.
api.DaemonCommandExecution.proceed(Dae
monCommandExecution.java:104)
	at org.gradle.launcher.daemon.server.
exec.ResetDeprecationLogger.execute(Re
setDeprecationLogger.java:29)
	at org.gradle.launcher.daemon.server.
api.DaemonCommandExecution.proceed(Dae
monCommandExecution.java:104)
	at org.gradle.launcher.daemon.server.
exec.RequestStopIfSingleUsedDaemon.exe
cute(RequestStopIfSingleUsedDaemon.jav
a:35)
	at org.gradle.launcher.daemon.server.
api.DaemonCommandExecution.proceed(Dae
monCommandExecution.java:104)
	at org.gradle.launcher.daemon.server.
exec.ForwardClientInput.lambda$execute
$0(ForwardClientInput.java:40)
	at org.gradle.internal.daemon.clienti
nput.ClientInputForwarder.forwardInput
(ClientInputForwarder.java:80)
	at org.gradle.launcher.daemon.server.
exec.ForwardClientInput.execute(Forwar
dClientInput.java:37)
	at org.gradle.launcher.daemon.server.
api.DaemonCommandExecution.proceed(Dae
monCommandExecution.java:104)
	at org.gradle.launcher.daemon.server.
exec.LogAndCheckHealth.execute(LogAndC
heckHealth.java:64)
	at org.gradle.launcher.daemon.server.
api.DaemonCommandExecution.proceed(Dae
monCommandExecution.java:104)
	at org.gradle.launcher.daemon.server.
exec.LogToClient.doBuild(LogToClient.j
ava:63)
	at org.gradle.launcher.daemon.server.
exec.BuildCommandOnly.execute(BuildCom
mandOnly.java:37)
	at org.gradle.launcher.daemon.server.
api.DaemonCommandExecution.proceed(Dae
monCommandExecution.java:104)
	at org.gradle.launcher.daemon.server.
exec.EstablishBuildEnvironment.doBuild
(EstablishBuildEnvironment.java:84)
	at org.gradle.launcher.daemon.server.
exec.BuildCommandOnly.execute(BuildCom
mandOnly.java:37)
	at org.gradle.launcher.daemon.server.
api.DaemonCommandExecution.proceed(Dae
monCommandExecution.java:104)
	at org.gradle.launcher.daemon.server.
exec.StartBuildOrRespondWithBusy$1.run
(StartBuildOrRespondWithBusy.java:52)
	at org.gradle.launcher.daemon.server.
DaemonStateCoordinator.lambda$runComma
nd$0(DaemonStateCoordinator.java:321)
	at org.gradle.internal.concurrent.Exe
cutorPolicy$CatchAndRecordFailures.onE
xecute(ExecutorPolicy.java:64)
	at org.gradle.internal.concurrent.Abs
tractManagedExecutor$1.run(AbstractMan
agedExecutor.java:47)
Caused by: org.gradle.plugin.managemen
t.internal.InvalidPluginRequestExcepti
on: The request for this plugin could 
not be satisfied because the plugin 
is already on the classpath with an 
unknown version, so compatibility 
cannot be checked.
	at org.gradle.plugin.use.resolve.inte
rnal.AlreadyOnClasspathPluginResolver.
resolve(AlreadyOnClasspathPluginResolv
er.java:88)
	at org.gradle.plugin.use.internal.Def
aultPluginRequestApplicator.resolvePlu
ginRequest(DefaultPluginRequestApplica
tor.java:189)
	... 168 more


BUILD FAILED in 8s
